******************************************************************************
                  TI ARM Linker PC v16.9.3                     
******************************************************************************
>> Linked Wed Sep 20 20:15:55 2017

OUTPUT FILE NAME:   <example_standalone_driverlib.out>
ENTRY POINT SYMBOL: "_c_int00"  address: 00000af1


MEMORY CONFIGURATION

         name            origin    length      used     unused   attr    fill
----------------------  --------  ---------  --------  --------  ----  --------
  FLASH                 00000000   00100000  00000cb8  000ff348  R  X
  SRAM                  20000000   00040000  00000418  0003fbe8  RW X


SEGMENT ALLOCATION MAP

run origin  load origin   length   init length attrs members
----------  ----------- ---------- ----------- ----- -------
00000000    00000000    00000cbc   00000cbc    r-x
  00000000    00000000    00000208   00000208    r-- .intvecs
  00000208    00000208    00000a8c   00000a8c    r-x .text
  00000c98    00000c98    00000024   00000024    r-- .cinit
20000000    20000000    00000418   00000000    rw-
  20000000    20000000    00000400   00000000    rw- .stack
  20000400    20000400    00000018   00000000    rw- .data


SECTION ALLOCATION MAP

 output                                  attributes/
section   page    origin      length       input sections
--------  ----  ----------  ----------   ----------------
.intvecs   0    00000000    00000208     
                  00000000    00000208     tm4c1294ncpdt_startup_ccs.obj (.intvecs)

.text      0    00000208    00000a8c     
                  00000208    00000274     driverlib.lib : sysctl.obj (.text:_SysCtlPeripheralValid)
                  0000047c    000001a7                   : gpio.obj (.text:GPIOPadConfigSet)
                  00000623    00000001     --HOLE-- [fill = 0]
                  00000624    00000114                   : gpio.obj (.text:_GPIOBaseValid)
                  00000738    000000db                   : gpio.obj (.text:GPIOPadConfigGet)
                  00000813    00000001     --HOLE-- [fill = 0]
                  00000814    000000b4     main.obj (.text)
                  000008c8    0000009c     rtsv7M4_T_le_v4SPD16_eabi.lib : memcpy_t2.obj (.text)
                  00000964    00000070                                   : autoinit.obj (.text)
                  000009d4    00000068                                   : copy_decompress_lzss.obj (.text:decompress:lzss)
                  00000a3c    0000005f     driverlib.lib : gpio.obj (.text:GPIODirModeSet)
                  00000a9b    00000001     --HOLE-- [fill = 0]
                  00000a9c    00000054                   : sysctl.obj (.text:SysCtlPeripheralEnable)
                  00000af0    00000054     rtsv7M4_T_le_v4SPD16_eabi.lib : boot.obj (.text)
                  00000b44    00000054                                   : exit.obj (.text)
                  00000b98    0000004c                                   : cpy_tbl.obj (.text)
                  00000be4    00000037     driverlib.lib : gpio.obj (.text:GPIOPinTypeGPIOOutput)
                  00000c1b    00000001     --HOLE-- [fill = 0]
                  00000c1c    00000027                   : gpio.obj (.text:GPIOPinWrite)
                  00000c43    00000001     --HOLE-- [fill = 0]
                  00000c44    00000018     rtsv7M4_T_le_v4SPD16_eabi.lib : args_main.obj (.text)
                  00000c5c    00000014                                   : _lock.obj (.text)
                  00000c70    0000000e                                   : copy_decompress_none.obj (.text:decompress:none)
                  00000c7e    0000000c     tm4c1294ncpdt_startup_ccs.obj (.text)
                  00000c8a    00000004     rtsv7M4_T_le_v4SPD16_eabi.lib : pre_init.obj (.text)
                  00000c8e    00000002     driverlib.lib : debug.obj (.text:__error__)
                  00000c90    00000002     rtsv7M4_T_le_v4SPD16_eabi.lib : mpu_init.obj (.text)
                  00000c92    00000002                                   : startup.obj (.text)

.cinit     0    00000c98    00000024     
                  00000c98    00000011     (.cinit..data.load) [load image, compression = lzss]
                  00000ca9    00000003     --HOLE-- [fill = 0]
                  00000cac    00000008     (__TI_handler_table)
                  00000cb4    00000008     (__TI_cinit_table)

.init_array 
*          0    00000000    00000000     UNINITIALIZED

.stack     0    20000000    00000400     UNINITIALIZED
                  20000000    00000400     --HOLE--

.data      0    20000400    00000018     UNINITIALIZED
                  20000400    0000000c     rtsv7M4_T_le_v4SPD16_eabi.lib : exit.obj (.data:$O1$$)
                  2000040c    00000008                                   : _lock.obj (.data:$O1$$)
                  20000414    00000004                                   : stkdepth_vars.obj (.data)

MODULE SUMMARY

       Module                          code   ro data   rw data
       ------                          ----   -------   -------
    .\
       tm4c1294ncpdt_startup_ccs.obj   12     520       0      
       main.obj                        180    0         0      
    +--+-------------------------------+------+---------+---------+
       Total:                          192    520       0      
                                                               
    C:/Users/trylo/git/driverlib_public/driverlib/ccs/Debug/driverlib.lib
       gpio.obj                        1107   0         0      
       sysctl.obj                      712    0         0      
       debug.obj                       2      0         0      
    +--+-------------------------------+------+---------+---------+
       Total:                          1821   0         0      
                                                               
    C:\ti\ccsv7\tools\compiler\ti-cgt-arm_16.9.3.LTS\lib\rtsv7M4_T_le_v4SPD16_eabi.lib
       memcpy_t2.obj                   156    0         0      
       autoinit.obj                    112    0         0      
       copy_decompress_lzss.obj        104    0         0      
       exit.obj                        84     0         12     
       boot.obj                        84     0         0      
       cpy_tbl.obj                     76     0         0      
       _lock.obj                       20     0         8      
       args_main.obj                   24     0         0      
       copy_decompress_none.obj        14     0         0      
       pre_init.obj                    4      0         0      
       stkdepth_vars.obj               0      0         4      
       mpu_init.obj                    2      0         0      
       startup.obj                     2      0         0      
    +--+-------------------------------+------+---------+---------+
       Total:                          682    0         24     
                                                               
       Stack:                          0      0         1024   
       Linker Generated:               0      33        0      
    +--+-------------------------------+------+---------+---------+
       Grand Total:                    2695   553       1048   


LINKER GENERATED COPY TABLES

__TI_cinit_table @ 00000cb4 records: 1, size/record: 8, table size: 8
	.data: load addr=00000c98, load size=00000011 bytes, run addr=20000400, run size=00000018 bytes, compression=lzss


LINKER GENERATED HANDLER TABLE

__TI_handler_table @ 00000cac records: 2, size/record: 4, table size: 8
	index: 0, handler: __TI_decompress_lzss
	index: 1, handler: __TI_decompress_none


GLOBAL SYMBOLS: SORTED ALPHABETICALLY BY Name 

address   name                           
-------   ----                           
00000b45  C$$EXIT                        
00000a3d  GPIODirModeSet                 
00000739  GPIOPadConfigGet               
0000047d  GPIOPadConfigSet               
00000be5  GPIOPinTypeGPIOOutput          
00000c1d  GPIOPinWrite                   
00000c7f  ResetISR                       
UNDEFED   SHT$$INIT_ARRAY$$Base          
UNDEFED   SHT$$INIT_ARRAY$$Limit         
00000a9d  SysCtlPeripheralEnable         
20000400  __STACK_END                    
00000400  __STACK_SIZE                   
20000200  __STACK_TOP                    
00000cb4  __TI_CINIT_Base                
00000cbc  __TI_CINIT_Limit               
00000cac  __TI_Handler_Table_Base        
00000cb4  __TI_Handler_Table_Limit       
00000965  __TI_auto_init                 
20000400  __TI_cleanup_ptr               
000009d5  __TI_decompress_lzss           
00000c71  __TI_decompress_none           
20000404  __TI_dtors_ptr                 
20000408  __TI_enable_exit_profile_output
ffffffff  __TI_pprof_out_hndl            
ffffffff  __TI_prof_data_size            
ffffffff  __TI_prof_data_start           
00000000  __TI_static_base__             
000008c9  __aeabi_memcpy                 
000008c9  __aeabi_memcpy4                
000008c9  __aeabi_memcpy8                
ffffffff  __binit__                      
ffffffff  __c_args__                     
00000c8f  __error__                      
00000c91  __mpu_init                     
20000000  __stack                        
00000c45  _args_main                     
00000af1  _c_int00                       
2000040c  _lock                          
00000c6b  _nop                           
00000c63  _register_lock                 
00000c5d  _register_unlock               
00000c93  _system_post_cinit             
00000c8b  _system_pre_init               
20000410  _unlock                        
00000b49  abort                          
ffffffff  binit                          
00000b99  copy_in                        
00000b51  exit                           
00000000  g_pfnVectors                   
00000815  main                           
20000414  main_func_sp                   
000008c9  memcpy                         


GLOBAL SYMBOLS: SORTED BY Symbol Address 

address   name                           
-------   ----                           
00000000  __TI_static_base__             
00000000  g_pfnVectors                   
00000400  __STACK_SIZE                   
0000047d  GPIOPadConfigSet               
00000739  GPIOPadConfigGet               
00000815  main                           
000008c9  __aeabi_memcpy                 
000008c9  __aeabi_memcpy4                
000008c9  __aeabi_memcpy8                
000008c9  memcpy                         
00000965  __TI_auto_init                 
000009d5  __TI_decompress_lzss           
00000a3d  GPIODirModeSet                 
00000a9d  SysCtlPeripheralEnable         
00000af1  _c_int00                       
00000b45  C$$EXIT                        
00000b49  abort                          
00000b51  exit                           
00000b99  copy_in                        
00000be5  GPIOPinTypeGPIOOutput          
00000c1d  GPIOPinWrite                   
00000c45  _args_main                     
00000c5d  _register_unlock               
00000c63  _register_lock                 
00000c6b  _nop                           
00000c71  __TI_decompress_none           
00000c7f  ResetISR                       
00000c8b  _system_pre_init               
00000c8f  __error__                      
00000c91  __mpu_init                     
00000c93  _system_post_cinit             
00000cac  __TI_Handler_Table_Base        
00000cb4  __TI_CINIT_Base                
00000cb4  __TI_Handler_Table_Limit       
00000cbc  __TI_CINIT_Limit               
20000000  __stack                        
20000200  __STACK_TOP                    
20000400  __STACK_END                    
20000400  __TI_cleanup_ptr               
20000404  __TI_dtors_ptr                 
20000408  __TI_enable_exit_profile_output
2000040c  _lock                          
20000410  _unlock                        
20000414  main_func_sp                   
ffffffff  __TI_pprof_out_hndl            
ffffffff  __TI_prof_data_size            
ffffffff  __TI_prof_data_start           
ffffffff  __binit__                      
ffffffff  __c_args__                     
ffffffff  binit                          
UNDEFED   SHT$$INIT_ARRAY$$Base          
UNDEFED   SHT$$INIT_ARRAY$$Limit         

[52 symbols]
